

==================================================================================
=== CALIBRE::DRC-H SUMMARY REPORT
===
Execution Date/Time:       Sat Aug 20 20:42:35 2011
Calibre Version:           v2008.3_16.12    Tue Aug 19 13:56:25 PDT 2008
Rule File Pathname:        /home/photinia/homes/aa/cadence2/regulator_oscillator_c5fn_f11/_drc.ctrl_
Rule File Title:           
Layout System:             GDS
Layout Path(s):            ./ring_osc_5.gds
Layout Primary Cell:       ring_osc_5
Current Directory:         /home/photinia/homes/aa/cadence2/regulator_oscillator_c5fn_f11
User Name:                 aa
Maximum Results/RuleCheck: 1000
Maximum Result Vertices:   4096
DRC Results Database:      ring_osc_5.drc.results (ASCII)
Layout Depth:              ALL
Text Depth:                PRIMARY
Summary Report File:       ring_osc_5.drc.summary (REPLACE)
Geometry Flagging:         ACUTE = NO  SKEW = NO  ANGLED = NO  OFFGRID = NO
                           NONSIMPLE POLYGON = YES  NONSIMPLE PATH = NO
Excluded Cells:           
CheckText Mapping:         COMMENT TEXT + RULE FILE INFORMATION
Layers:                    MEMORY-BASED
Keep Empty Checks:         NO
----------------------------------------------------------------------------------
--- RUNTIME WARNINGS
---
----------------------------------------------------------------------------------
--- ORIGINAL LAYER STATISTICS
---
LAYER TERM_1 ..... TOTAL Original Geometry Count = 0   (0)
LAYER DREC ....... TOTAL Original Geometry Count = 0   (0)
LAYER RES ........ TOTAL Original Geometry Count = 0   (0)
LAYER ACT ........ TOTAL Original Geometry Count = 94  (281)
LAYER POLY1 ...... TOTAL Original Geometry Count = 134 (222)
LAYER PPLS ....... TOTAL Original Geometry Count = 8   (60)
LAYER POLY2 ...... TOTAL Original Geometry Count = 0   (0)
LAYER NWELL ...... TOTAL Original Geometry Count = 15  (28)
LAYER DELDIF_1 ... TOTAL Original Geometry Count = 0   (0)
LAYER CNT_1 ...... TOTAL Original Geometry Count = 380 (1049)
LAYER EXDIF ...... TOTAL Original Geometry Count = 0   (0)
LAYER NPLS ....... TOTAL Original Geometry Count = 8   (60)
LAYER DNW ........ TOTAL Original Geometry Count = 0   (0)
LAYER HIRES ...... TOTAL Original Geometry Count = 0   (0)
LAYER M1 ......... TOTAL Original Geometry Count = 424 (816)
LAYER M2 ......... TOTAL Original Geometry Count = 24  (74)
LAYER M3 ......... TOTAL Original Geometry Count = 0   (0)
LAYER RESM1 ...... TOTAL Original Geometry Count = 0   (0)
LAYER RESM2 ...... TOTAL Original Geometry Count = 0   (0)
LAYER RESM3 ...... TOTAL Original Geometry Count = 0   (0)
LAYER DREC2 ...... TOTAL Original Geometry Count = 0   (0)
LAYER V20 ........ TOTAL Original Geometry Count = 0   (0)
LAYER LREC ....... TOTAL Original Geometry Count = 0   (0)
LAYER PAD ........ TOTAL Original Geometry Count = 0   (0)
LAYER NPBLK ...... TOTAL Original Geometry Count = 0   (0)
LAYER PPBLK ...... TOTAL Original Geometry Count = 0   (0)
LAYER NCHAN ...... TOTAL Original Geometry Count = 15  (28)
LAYER PWB ........ TOTAL Original Geometry Count = 0   (0)
LAYER PCHRS ...... TOTAL Original Geometry Count = 0   (0)
LAYER VIA ........ TOTAL Original Geometry Count = 3   (28)
LAYER VI2 ........ TOTAL Original Geometry Count = 0   (0)
LAYER RESBLK ..... TOTAL Original Geometry Count = 0   (0)
LAYER LREC2 ...... TOTAL Original Geometry Count = 0   (0)
LAYER FILLBLK .... TOTAL Original Geometry Count = 0   (0)
LAYER THKGT ...... TOTAL Original Geometry Count = 0   (0)
LAYER NI ......... TOTAL Original Geometry Count = 0   (0)
LAYER PI ......... TOTAL Original Geometry Count = 0   (0)
LAYER PLO ........ TOTAL Original Geometry Count = 0   (0)
----------------------------------------------------------------------------------
--- RULECHECK RESULTS STATISTICS
---
RULECHECK DRAWN_OFFGRID ..................... TOTAL Result Count = 0 (0)
RULECHECK NON45 ............................. TOTAL Result Count = 0 (0)
RULECHECK ACENND_nstNsd ..................... TOTAL Result Count = 0 (0)
RULECHECK NNDRNW_nstNsd ..................... TOTAL Result Count = 0 (0)
RULECHECK NNDWEA_nvuDrainDRC ................ TOTAL Result Count = 0 (0)
RULECHECK NNDCHW ............................ TOTAL Result Count = 0 (0)
RULECHECK NNDEOC_nstNsd ..................... TOTAL Result Count = 0 (0)
RULECHECK NNDGTS ............................ TOTAL Result Count = 0 (0)
RULECHECK NNDWOG_nvuNwellAndP1Gate .......... TOTAL Result Count = 0 (0)
RULECHECK NPBEAC_nvuNpblkOrHole ............. TOTAL Result Count = 0 (0)
RULECHECK NVCHL ............................. TOTAL Result Count = 0 (0)
RULECHECK NPBOGT_npblkAndNvuGate_Width ...... TOTAL Result Count = 0 (0)
RULECHECK NPBSRC_nvuSource_Space ............ TOTAL Result Count = 0 (0)
RULECHECK NUCHL ............................. TOTAL Result Count = 0 (0)
RULECHECK ACENPD_nstPsd ..................... TOTAL Result Count = 0 (0)
RULECHECK NPDCHW ............................ TOTAL Result Count = 0 (0)
RULECHECK NPDEOC_nstPsd ..................... TOTAL Result Count = 0 (0)
RULECHECK NPDGTS ............................ TOTAL Result Count = 0 (0)
RULECHECK NPDRNW_nstPsd ..................... TOTAL Result Count = 0 (0)
RULECHECK NPDWEA_pvuNwell ................... TOTAL Result Count = 0 (0)
RULECHECK PPBEAC_pvuPpblkOrHole ............. TOTAL Result Count = 0 (0)
RULECHECK PVCHL ............................. TOTAL Result Count = 0 (0)
RULECHECK PPBOGT_ppblkAndPvuGate_Width ...... TOTAL Result Count = 0 (0)
RULECHECK PPBSRC_pvuSource_Space ............ TOTAL Result Count = 0 (0)
RULECHECK PUCHL ............................. TOTAL Result Count = 0 (0)
RULECHECK NPBACS_NPBLK_Space ................ TOTAL Result Count = 0 (0)
RULECHECK PPBACS_PPBLK_Space ................ TOTAL Result Count = 0 (0)
RULECHECK T12TBS ............................ TOTAL Result Count = 0 (0)
RULECHECK P12PDS_v12SdP12v_Space ............ TOTAL Result Count = 0 (0)
RULECHECK T12END_v12NNwell_v12Nsd ........... TOTAL Result Count = 0 (0)
RULECHECK T12EPD_v12PNwell_v12Psd ........... TOTAL Result Count = 0 (0)
RULECHECK T12NDS_v12Nwell_Space ............. TOTAL Result Count = 0 (0)
RULECHECK T12PDS_v12Nwell_Space ............. TOTAL Result Count = 0 (0)
RULECHECK EXNCHW ............................ TOTAL Result Count = 0 (0)
RULECHECK MWONXG_nzxNwellAndGate ............ TOTAL Result Count = 0 (0)
RULECHECK MXPNDW_nzxDrainDRC ................ TOTAL Result Count = 0 (0)
RULECHECK NCEXDW_nzxNwell ................... TOTAL Result Count = 0 (0)
RULECHECK NWEXND_nzxNwell ................... TOTAL Result Count = 0 (0)
RULECHECK NXDRFT_nzxDrift ................... TOTAL Result Count = 0 (0)
RULECHECK NZCHL ............................. TOTAL Result Count = 0 (0)
RULECHECK PXBXNG_nzxPoly1 ................... TOTAL Result Count = 0 (0)
RULECHECK NXCHL ............................. TOTAL Result Count = 0 (0)
RULECHECK MWONTG_ntNwellAndGate ............. TOTAL Result Count = 0 (0)
RULECHECK MXPNDW_ntDrainDRC ................. TOTAL Result Count = 0 (0)
RULECHECK NCEXDW_ntNwell .................... TOTAL Result Count = 0 (0)
RULECHECK NTCHL ............................. TOTAL Result Count = 0 (0)
RULECHECK NTCHW ............................. TOTAL Result Count = 0 (0)
RULECHECK NTDRFT_ntDrift .................... TOTAL Result Count = 0 (0)
RULECHECK NWEXND_ntNwell .................... TOTAL Result Count = 0 (0)
RULECHECK PXBXNG_ntPoly1AndExdif_Width ...... TOTAL Result Count = 0 (0)
RULECHECK EXPCHW ............................ TOTAL Result Count = 0 (0)
RULECHECK EXPGER_EXPGER_1 ................... TOTAL Result Count = 0 (0)
RULECHECK MXPNDW_pzxtDrainDRC ............... TOTAL Result Count = 0 (0)
RULECHECK NCEXDW_pzxtNwell .................. TOTAL Result Count = 0 (0)
RULECHECK NWEOPF_out ........................ TOTAL Result Count = 0 (0)
RULECHECK NWEOPF ............................ TOTAL Result Count = 0 (0)
RULECHECK PFEODA_out ........................ TOTAL Result Count = 0 (0)
RULECHECK PFEODA ............................ TOTAL Result Count = 0 (0)
RULECHECK PFNDSP ............................ TOTAL Result Count = 0 (0)
RULECHECK PFNDSP_pzxtPfield_Space ........... TOTAL Result Count = 0 (0)
RULECHECK PFOLXP_pzxtPfieldAndGate .......... TOTAL Result Count = 0 (0)
RULECHECK PFOLXP ............................ TOTAL Result Count = 0 (0)
RULECHECK PXBXPG_pzxtPoly1AndExdif_Width .... TOTAL Result Count = 0 (0)
RULECHECK PZDRFT_pzDrift .................... TOTAL Result Count = 0 (0)
RULECHECK PXDRFT_pxDrift .................... TOTAL Result Count = 0 (0)
RULECHECK PTDRFT_ptDrift .................... TOTAL Result Count = 0 (0)
RULECHECK PZCHL ............................. TOTAL Result Count = 0 (0)
RULECHECK PXCHL ............................. TOTAL Result Count = 0 (0)
RULECHECK PTCHL ............................. TOTAL Result Count = 0 (0)
RULECHECK PTCHW ............................. TOTAL Result Count = 0 (0)
RULECHECK PFLDSP_pfield_SpaceNotcha ......... TOTAL Result Count = 0 (0)
RULECHECK PFPDSP ............................ TOTAL Result Count = 0 (0)
RULECHECK T20END_v20NNwell .................. TOTAL Result Count = 0 (0)
RULECHECK T20EPD_v20PNwell .................. TOTAL Result Count = 0 (0)
RULECHECK T20NDS_v20Nwell_Space ............. TOTAL Result Count = 0 (0)
RULECHECK T20PDS_v20Nwell_Space ............. TOTAL Result Count = 0 (0)
RULECHECK T20TBS ............................ TOTAL Result Count = 0 (0)
RULECHECK T20TBS_snl ........................ TOTAL Result Count = 0 (0)
RULECHECK T20TBS_v20Nwell_Space ............. TOTAL Result Count = 0 (0)
RULECHECK MN40DRAREA_1 ...................... TOTAL Result Count = 0 (0)
RULECHECK MN40LC_mn40vPoly1NotDnw_1 ......... TOTAL Result Count = 0 (0)
RULECHECK MN40LD_mn40vDnwNotDrain ........... TOTAL Result Count = 0 (0)
RULECHECK MN40LG1_mn40vPoly1NotDnwAct ....... TOTAL Result Count = 0 (0)
RULECHECK MN40LG2_mn40vChannel .............. TOTAL Result Count = 0 (0)
RULECHECK MN40LP_mn40vDnwNotDrainPoly1 ...... TOTAL Result Count = 0 (0)
RULECHECK MN40LS_mn40vDnw ................... TOTAL Result Count = 0 (0)
RULECHECK MN40PBEONF_mn40vNchan ............. TOTAL Result Count = 0 (0)
RULECHECK DNW40EONW_mp40vNwellNoHoles ....... TOTAL Result Count = 0 (0)
RULECHECK MP40DRAREA_1 ...................... TOTAL Result Count = 0 (0)
RULECHECK MP40LC_mp40vPoly1NotPwb ........... TOTAL Result Count = 0 (0)
RULECHECK MP40LD ............................ TOTAL Result Count = 0 (0)
RULECHECK MP40LG1_mp40vChannel .............. TOTAL Result Count = 0 (0)
RULECHECK MP40LG2_mp40vChannelNoHoles ....... TOTAL Result Count = 0 (0)
RULECHECK MP40LP ............................ TOTAL Result Count = 0 (0)
RULECHECK MP40LS_mp40vNwell ................. TOTAL Result Count = 0 (0)
RULECHECK MP40NWEOWT_mp40vTubtieNoHoles ..... TOTAL Result Count = 0 (0)
RULECHECK NA40VPGSP_mp40vAct_Space .......... TOTAL Result Count = 0 (0)
RULECHECK NCFEO40DNW_mp40vDnw_1 ............. TOTAL Result Count = 0 (0)
RULECHECK NW40VPGSP_mp40vAct_Space .......... TOTAL Result Count = 0 (0)
RULECHECK PG40VDNWSP ........................ TOTAL Result Count = 0 (0)
RULECHECK PWBEO40DNW_mp40vDnw ............... TOTAL Result Count = 0 (0)
RULECHECK LF20DRAREA_1 ...................... TOTAL Result Count = 0 (0)
RULECHECK LF20LC_lf20PwbAndPoly ............. TOTAL Result Count = 0 (0)
RULECHECK LF20SCASP ......................... TOTAL Result Count = 0 (0)
RULECHECK LF20DNWEOPF_lf20PFieldNoHole ...... TOTAL Result Count = 0 (0)
RULECHECK LF20NCSPD ......................... TOTAL Result Count = 0 (0)
RULECHECK LF20PFEOSA_lf20Pfield ............. TOTAL Result Count = 0 (0)
RULECHECK LF20SAW_lf20SourceActive .......... TOTAL Result Count = 0 (0)
RULECHECK SKACSP ............................ TOTAL Result Count = 0 (0)
RULECHECK SKTEOA_shkDiff .................... TOTAL Result Count = 0 (0)
RULECHECK shkHoleInPplsMissing_shkAnode ..... TOTAL Result Count = 0 (0)
RULECHECK shkPplsMissing_shkAnode ........... TOTAL Result Count = 0 (0)
RULECHECK SKANW_shkAnode .................... TOTAL Result Count = 0 (0)
RULECHECK SKCAW_shkCath ..................... TOTAL Result Count = 0 (0)
RULECHECK SKCTPPS ........................... TOTAL Result Count = 0 (0)
RULECHECK SKL ............................... TOTAL Result Count = 0 (0)
RULECHECK NVOSKCT ........................... TOTAL Result Count = 0 (0)
RULECHECK SKRP2 ............................. TOTAL Result Count = 0 (0)
RULECHECK NCHNER ............................ TOTAL Result Count = 0 (0)
RULECHECK NCEXDW_hvNCHNER ................... TOTAL Result Count = 0 (0)
RULECHECK DIFRW_diffResNotBlk_Width ......... TOTAL Result Count = 0 (0)
RULECHECK DIFW_ACT_Width .................... TOTAL Result Count = 0 (0)
RULECHECK DIFCRW ............................ TOTAL Result Count = 0 (0)
RULECHECK DIFSP_diffOrArc_SpaceNotcha ....... TOTAL Result Count = 0 (0)
RULECHECK TBEOPD_nwNot40v_pDiff ............. TOTAL Result Count = 0 (0)
RULECHECK TBNDSP ............................ TOTAL Result Count = 0 (0)
RULECHECK TRANW ............................. TOTAL Result Count = 0 (0)
RULECHECK TBEOND_nTubTie_Width .............. TOTAL Result Count = 0 (0)
RULECHECK TBPDSP ............................ TOTAL Result Count = 0 (0)
RULECHECK FLOTNW ............................ TOTAL Result Count = 0 (0)
RULECHECK FLOTPW ............................ TOTAL Result Count = 0 (0)
RULECHECK TUBRW_nwResNotBlk_edgeNot ......... TOTAL Result Count = 0 (0)
RULECHECK TUBCRW ............................ TOTAL Result Count = 0 (0)
RULECHECK TUBW_nwellNot_Width ............... TOTAL Result Count = 0 (0)
RULECHECK TUBSPR_nwellOrArc_SpaceNotcha ..... TOTAL Result Count = 0 (0)
RULECHECK TUBSP_nwellResOrArc_SpaceNotcha ... TOTAL Result Count = 0 (0)
RULECHECK TUBSP_nwNotResTermArc_S_Spacea .... TOTAL Result Count = 0 (0)
RULECHECK TUBSP_nwNotResTermArc_S_Space ..... TOTAL Result Count = 0 (0)
RULECHECK ACXBPY_out ........................ TOTAL Result Count = 0 (0)
RULECHECK PYXBAC_out ........................ TOTAL Result Count = 0 (0)
RULECHECK PYACSP_POLY1_Space ................ TOTAL Result Count = 0 (0)
RULECHECK POLYW_poly1NotBlk_Width ........... TOTAL Result Count = 0 (0)
RULECHECK POLYCRW ........................... TOTAL Result Count = 0 (0)
RULECHECK POLYSP_poly1OrArc_SpaceNotcha ..... TOTAL Result Count = 0 (0)
RULECHECK NDEOGT_out ........................ TOTAL Result Count = 0 (0)
RULECHECK NPCOIN ............................ TOTAL Result Count = 0 (0)
RULECHECK ZENER_NZENER_Space ................ TOTAL Result Count = 0 (0)
RULECHECK PDEOGT_out ........................ TOTAL Result Count = 0 (0)
RULECHECK PPACSP_nDiffNotZENER_Space ........ TOTAL Result Count = 0 (0)
RULECHECK PPEOAC_out ........................ TOTAL Result Count = 0 (0)
RULECHECK PPLSSP_ppls_1_SpaceNotcha ......... TOTAL Result Count = 0 (0)
RULECHECK PPLSW_ppls_1_Width ................ TOTAL Result Count = 0 (0)
RULECHECK PEPI .............................. TOTAL Result Count = 0 (0)
RULECHECK PEPLO ............................. TOTAL Result Count = 0 (0)
RULECHECK ACEOCT_ACT ........................ TOTAL Result Count = 0 (0)
RULECHECK ACTPYS ............................ TOTAL Result Count = 0 (0)
RULECHECK APEOCT_POLY1 ...................... TOTAL Result Count = 0 (0)
RULECHECK APEOCT_POLY2 ...................... TOTAL Result Count = 0 (0)
RULECHECK BUTCNA ............................ TOTAL Result Count = 0 (0)
RULECHECK CNTSP_CNT_Spacea .................. TOTAL Result Count = 0 (0)
RULECHECK CNTW .............................. TOTAL Result Count = 0 (0)
RULECHECK CTOFLD ............................ TOTAL Result Count = 0 (0)
RULECHECK CTOVGT ............................ TOTAL Result Count = 0 (0)
RULECHECK PCTACS ............................ TOTAL Result Count = 0 (0)
RULECHECK CTNOM1 ............................ TOTAL Result Count = 0 (0)
RULECHECK M1EOCT_M1 ......................... TOTAL Result Count = 0 (0)
RULECHECK M1W_m1NotBlk_Width ................ TOTAL Result Count = 0 (0)
RULECHECK M1CRW ............................. TOTAL Result Count = 0 (0)
RULECHECK M1SP_m1OrArc_SpaceNotcha .......... TOTAL Result Count = 0 (0)
RULECHECK WDM1SP ............................ TOTAL Result Count = 0 (0)
RULECHECK M1EOVI_M1 ......................... TOTAL Result Count = 0 (0)
RULECHECK VIASP_VIA_SpaceNotcha ............. TOTAL Result Count = 0 (0)
RULECHECK VIAW .............................. TOTAL Result Count = 0 (0)
RULECHECK VINOM1 ............................ TOTAL Result Count = 0 (0)
RULECHECK M2EOVI_M2 ......................... TOTAL Result Count = 0 (0)
RULECHECK VINOM2 ............................ TOTAL Result Count = 0 (0)
RULECHECK M2W_m2NotBlk_Width ................ TOTAL Result Count = 0 (0)
RULECHECK M2CRW ............................. TOTAL Result Count = 0 (0)
RULECHECK M2SP_m2OrArc_SpaceNotcha .......... TOTAL Result Count = 0 (0)
RULECHECK WDM2SP ............................ TOTAL Result Count = 0 (0)
RULECHECK LNLYVIA1 .......................... TOTAL Result Count = 0 (0)
RULECHECK M2EOV2_M2 ......................... TOTAL Result Count = 0 (0)
RULECHECK V2NOM2 ............................ TOTAL Result Count = 0 (0)
RULECHECK VI2SP_VI2_SpaceNotcha ............. TOTAL Result Count = 0 (0)
RULECHECK VI2W .............................. TOTAL Result Count = 0 (0)
RULECHECK M3EOV2_M3 ......................... TOTAL Result Count = 0 (0)
RULECHECK V2NOM3 ............................ TOTAL Result Count = 0 (0)
RULECHECK M3W_m3NotBlk_Width ................ TOTAL Result Count = 0 (0)
RULECHECK M3CRW ............................. TOTAL Result Count = 0 (0)
RULECHECK M3SP_m3OrArc_SpaceNotcha .......... TOTAL Result Count = 0 (0)
RULECHECK WDM3SP ............................ TOTAL Result Count = 0 (0)
RULECHECK LNLYVIA2 .......................... TOTAL Result Count = 0 (0)
RULECHECK M1EOPD_M1 ......................... TOTAL Result Count = 0 (0)
RULECHECK M2EOPD_M2 ......................... TOTAL Result Count = 0 (0)
RULECHECK M3EOPD_M3 ......................... TOTAL Result Count = 0 (0)
RULECHECK PADSP_padNotProbe_SpaceNotcha ..... TOTAL Result Count = 0 (0)
RULECHECK PADTAC ............................ TOTAL Result Count = 0 (0)
RULECHECK PADTM1_padNotProbe_S_Space ........ TOTAL Result Count = 0 (0)
RULECHECK PADTM2_padNotProbe_S_Space ........ TOTAL Result Count = 0 (0)
RULECHECK PADTM3_padNotProbe_S_Space ........ TOTAL Result Count = 0 (0)
RULECHECK PADTPY ............................ TOTAL Result Count = 0 (0)
RULECHECK PADTPY2 ........................... TOTAL Result Count = 0 (0)
RULECHECK PADW_padNotProbe_Width ............ TOTAL Result Count = 0 (0)
RULECHECK PBPADW_probePad_Width ............. TOTAL Result Count = 0 (0)
RULECHECK PDV1SP_padVia_SpaceNotcha ......... TOTAL Result Count = 0 (0)
RULECHECK PDV1V2 ............................ TOTAL Result Count = 0 (0)
RULECHECK PDV2SP_padVia2_SpaceNotcha ........ TOTAL Result Count = 0 (0)
RULECHECK MOPBPD_probeM1 .................... TOTAL Result Count = 0 (0)
RULECHECK MOPBPD_probeM2 .................... TOTAL Result Count = 0 (0)
RULECHECK MOPBPD_probeM3 .................... TOTAL Result Count = 0 (0)
RULECHECK PRBNOM_M1 ......................... TOTAL Result Count = 0 (0)
RULECHECK PRBNOM_M2 ......................... TOTAL Result Count = 0 (0)
RULECHECK PRBNOM_M3 ......................... TOTAL Result Count = 0 (0)
RULECHECK BCEOTC_ppBotCap ................... TOTAL Result Count = 0 (0)
RULECHECK P2ACSP_POLY2_Space ................ TOTAL Result Count = 0 (0)
RULECHECK POLY2W_p2NoEsqP2NotBlk_Width ...... TOTAL Result Count = 0 (0)
RULECHECK POLY2CRW .......................... TOTAL Result Count = 0 (0)
RULECHECK PLY2SP_poly2OrArc_SpaceNotcha ..... TOTAL Result Count = 0 (0)
RULECHECK TCACSP ............................ TOTAL Result Count = 0 (0)
RULECHECK TCCTSP_cntNotP2_Space ............. TOTAL Result Count = 0 (0)
RULECHECK TCPPSP_ppTopCap_Space ............. TOTAL Result Count = 0 (0)
RULECHECK P2OP1EC_out ....................... TOTAL Result Count = 0 (0)
RULECHECK HIREOP_out ........................ TOTAL Result Count = 0 (0)
RULECHECK HIRESW_HIRES_Width ................ TOTAL Result Count = 0 (0)
RULECHECK HIRMSP_HIRES_SpaceNotcha .......... TOTAL Result Count = 0 (0)
RULECHECK HIRP2S_HIRES_Space ................ TOTAL Result Count = 0 (0)
RULECHECK HRPCSP ............................ TOTAL Result Count = 0 (0)
RULECHECK THKGTS_THKGT_SpaceNotcha .......... TOTAL Result Count = 0 (0)
RULECHECK THKGTW_THKGT_Width ................ TOTAL Result Count = 0 (0)
RULECHECK TKACSP_actNotThkgt_Space .......... TOTAL Result Count = 0 (0)
RULECHECK TKEOAC_THKGT_thkgtAct ............. TOTAL Result Count = 0 (0)
RULECHECK EMTRSZ ............................ TOTAL Result Count = 0 (0)
RULECHECK EMTRSZ_S .......................... TOTAL Result Count = 0 (0)
RULECHECK BJTBSC ............................ TOTAL Result Count = 0 (0)
RULECHECK BJTBW_pnpBaseLg ................... TOTAL Result Count = 0 (0)
RULECHECK BJTESB ............................ TOTAL Result Count = 0 (0)
RULECHECK BJTTOE_pnpEmitterLg ............... TOTAL Result Count = 0 (0)
RULECHECK BJTBSC_S .......................... TOTAL Result Count = 0 (0)
RULECHECK BJTBW_S_pnpBaseSm ................. TOTAL Result Count = 0 (0)
RULECHECK BJTESB_S .......................... TOTAL Result Count = 0 (0)
RULECHECK BJTTOE_S_pnpEmitterSm ............. TOTAL Result Count = 0 (0)
RULECHECK BJTCW_pnpCollector2_Width ......... TOTAL Result Count = 0 (0)
RULECHECK ENWUCT ............................ TOTAL Result Count = 0 (0)
RULECHECK EACEOC_EDIF ....................... TOTAL Result Count = 0 (0)
RULECHECK EACEOT_EDIFaENW_Width ............. TOTAL Result Count = 0 (0)
RULECHECK EACX .............................. TOTAL Result Count = 0 (0)
RULECHECK ENCTGX_ENDNCT_Space ............... TOTAL Result Count = 0 (0)
RULECHECK EPCTGX_EPDNCT_Space ............... TOTAL Result Count = 0 (0)
RULECHECK ESCTGX_ESCCT_Space ................ TOTAL Result Count = 0 (0)
RULECHECK ETBEOC_ENNWELL .................... TOTAL Result Count = 0 (0)
RULECHECK ETBGAX_ENNWELL_Space .............. TOTAL Result Count = 0 (0)
RULECHECK EDRCNT ............................ TOTAL Result Count = 0 (0)
RULECHECK M1DENS ............................ TOTAL Result Count = 0 (0)
RULECHECK M2DENS ............................ TOTAL Result Count = 1 (1)
RULECHECK M3DENS ............................ TOTAL Result Count = 1 (1)
RULECHECK NIEGT_niGate ...................... TOTAL Result Count = 0 (0)
RULECHECK NISP_NI_SpaceNotcha ............... TOTAL Result Count = 0 (0)
RULECHECK NISPA_NI_Space .................... TOTAL Result Count = 0 (0)
RULECHECK NISPFLD_NI_Space .................. TOTAL Result Count = 0 (0)
RULECHECK NISPP_NI_Space .................... TOTAL Result Count = 0 (0)
RULECHECK NITRANL ........................... TOTAL Result Count = 0 (0)
RULECHECK NIOPI ............................. TOTAL Result Count = 0 (0)
RULECHECK PIEP_PI ........................... TOTAL Result Count = 0 (0)
RULECHECK PISP_PI_Spacea .................... TOTAL Result Count = 0 (0)
RULECHECK PISPA_PI_Space .................... TOTAL Result Count = 0 (0)
RULECHECK PISPNP_PI_Space ................... TOTAL Result Count = 0 (0)
RULECHECK PIOPLO ............................ TOTAL Result Count = 0 (0)
RULECHECK PISNI_NI_Space .................... TOTAL Result Count = 0 (0)
RULECHECK PLOEP_PLO ......................... TOTAL Result Count = 0 (0)
RULECHECK PLOSP_PLO_Spacea .................. TOTAL Result Count = 0 (0)
RULECHECK PLOSPA_PLO_Space .................. TOTAL Result Count = 0 (0)
RULECHECK PLOSPNP_PLO_Space ................. TOTAL Result Count = 0 (0)
RULECHECK PISPLO_PLO_Space .................. TOTAL Result Count = 0 (0)
RULECHECK NISPLO_PLO_Space .................. TOTAL Result Count = 0 (0)
RULECHECK PLOONI ............................ TOTAL Result Count = 0 (0)
----------------------------------------------------------------------------------
--- RULECHECK RESULTS STATISTICS (BY CELL)
---
CELL ring_osc_5 ........ TOTAL Result Count = 2 (2)
    RULECHECK M2DENS ... TOTAL Result Count = 1 (1)
    RULECHECK M3DENS ... TOTAL Result Count = 1 (1)
----------------------------------------------------------------------------------
--- SUMMARY
---
TOTAL CPU Time:                  0
TOTAL REAL Time:                 0
TOTAL Original Layer Geometries: 1105 (2646)
TOTAL DRC RuleChecks Executed:   275
TOTAL DRC Results Generated:     2 (2)
